// Jest Snapshot v1, https://goo.gl/fbAQLP

exports[`should render ChartButtons 1`] = `
ShallowWrapper {
  "length": 1,
  Symbol(enzyme.__root__): [Circular],
  Symbol(enzyme.__unrendered__): <ChartButtons />,
  Symbol(enzyme.__renderer__): Object {
    "batchedUpdates": [Function],
    "getNode": [Function],
    "render": [Function],
    "simulateEvent": [Function],
    "unmount": [Function],
  },
  Symbol(enzyme.__node__): Object {
    "instance": null,
    "key": undefined,
    "nodeType": "host",
    "props": Object {
      "children": Array [
        <label>
          <input
                    checked={undefined}
                    onChange={undefined}
                    type="checkbox"
                    value="sessions"
          />
          Sessions
</label>,
        <label>
          <input
                    checked={undefined}
                    onChange={undefined}
                    type="checkbox"
                    value="hours"
          />
          Hours
</label>,
        <DatePickerV1
          date={undefined}
          maxDetail={undefined}
          minDate={undefined}
          onDateChange={undefined}
          today={false}
/>,
      ],
    },
    "ref": null,
    "rendered": Array [
      Object {
        "instance": null,
        "key": undefined,
        "nodeType": "host",
        "props": Object {
          "children": Array [
            <input
              checked={undefined}
              onChange={undefined}
              type="checkbox"
              value="sessions"
/>,
            "Sessions",
          ],
        },
        "ref": null,
        "rendered": Array [
          Object {
            "instance": null,
            "key": undefined,
            "nodeType": "host",
            "props": Object {
              "checked": undefined,
              "onChange": undefined,
              "type": "checkbox",
              "value": "sessions",
            },
            "ref": null,
            "rendered": null,
            "type": "input",
          },
          "Sessions",
        ],
        "type": "label",
      },
      Object {
        "instance": null,
        "key": undefined,
        "nodeType": "host",
        "props": Object {
          "children": Array [
            <input
              checked={undefined}
              onChange={undefined}
              type="checkbox"
              value="hours"
/>,
            "Hours",
          ],
        },
        "ref": null,
        "rendered": Array [
          Object {
            "instance": null,
            "key": undefined,
            "nodeType": "host",
            "props": Object {
              "checked": undefined,
              "onChange": undefined,
              "type": "checkbox",
              "value": "hours",
            },
            "ref": null,
            "rendered": null,
            "type": "input",
          },
          "Hours",
        ],
        "type": "label",
      },
      Object {
        "instance": null,
        "key": undefined,
        "nodeType": "class",
        "props": Object {
          "date": undefined,
          "maxDetail": undefined,
          "minDate": undefined,
          "onDateChange": undefined,
          "today": false,
        },
        "ref": null,
        "rendered": null,
        "type": [Function],
      },
    ],
    "type": "div",
  },
  Symbol(enzyme.__nodes__): Array [
    Object {
      "instance": null,
      "key": undefined,
      "nodeType": "host",
      "props": Object {
        "children": Array [
          <label>
            <input
                        checked={undefined}
                        onChange={undefined}
                        type="checkbox"
                        value="sessions"
            />
            Sessions
</label>,
          <label>
            <input
                        checked={undefined}
                        onChange={undefined}
                        type="checkbox"
                        value="hours"
            />
            Hours
</label>,
          <DatePickerV1
            date={undefined}
            maxDetail={undefined}
            minDate={undefined}
            onDateChange={undefined}
            today={false}
/>,
        ],
      },
      "ref": null,
      "rendered": Array [
        Object {
          "instance": null,
          "key": undefined,
          "nodeType": "host",
          "props": Object {
            "children": Array [
              <input
                checked={undefined}
                onChange={undefined}
                type="checkbox"
                value="sessions"
/>,
              "Sessions",
            ],
          },
          "ref": null,
          "rendered": Array [
            Object {
              "instance": null,
              "key": undefined,
              "nodeType": "host",
              "props": Object {
                "checked": undefined,
                "onChange": undefined,
                "type": "checkbox",
                "value": "sessions",
              },
              "ref": null,
              "rendered": null,
              "type": "input",
            },
            "Sessions",
          ],
          "type": "label",
        },
        Object {
          "instance": null,
          "key": undefined,
          "nodeType": "host",
          "props": Object {
            "children": Array [
              <input
                checked={undefined}
                onChange={undefined}
                type="checkbox"
                value="hours"
/>,
              "Hours",
            ],
          },
          "ref": null,
          "rendered": Array [
            Object {
              "instance": null,
              "key": undefined,
              "nodeType": "host",
              "props": Object {
                "checked": undefined,
                "onChange": undefined,
                "type": "checkbox",
                "value": "hours",
              },
              "ref": null,
              "rendered": null,
              "type": "input",
            },
            "Hours",
          ],
          "type": "label",
        },
        Object {
          "instance": null,
          "key": undefined,
          "nodeType": "class",
          "props": Object {
            "date": undefined,
            "maxDetail": undefined,
            "minDate": undefined,
            "onDateChange": undefined,
            "today": false,
          },
          "ref": null,
          "rendered": null,
          "type": [Function],
        },
      ],
      "type": "div",
    },
  ],
  Symbol(enzyme.__options__): Object {
    "adapter": ReactSixteenAdapter {
      "options": Object {
        "enableComponentDidUpdateOnSetState": true,
      },
    },
  },
}
`;
