// Jest Snapshot v1, https://goo.gl/fbAQLP

exports[`should render ChartButtons 1`] = `
ShallowWrapper {
  "length": 1,
  Symbol(enzyme.__root__): [Circular],
  Symbol(enzyme.__unrendered__): <TotalTable
    averageHours={5}
    averageSessions={1}
    totalHours={13}
    totalSessions={142}
/>,
  Symbol(enzyme.__renderer__): Object {
    "batchedUpdates": [Function],
    "getNode": [Function],
    "render": [Function],
    "simulateEvent": [Function],
    "unmount": [Function],
  },
  Symbol(enzyme.__node__): Object {
    "instance": null,
    "key": undefined,
    "nodeType": "host",
    "props": Object {
      "children": Array [
        <div>
          Total sessions: 142 Total hours: 13
</div>,
        <hr />,
        <div>
          Average sessions per day: 1 Average hours per day: 5
</div>,
      ],
    },
    "ref": null,
    "rendered": Array [
      Object {
        "instance": null,
        "key": undefined,
        "nodeType": "host",
        "props": Object {
          "children": "Total sessions: 142 Total hours: 13",
        },
        "ref": null,
        "rendered": "Total sessions: 142 Total hours: 13",
        "type": "div",
      },
      Object {
        "instance": null,
        "key": undefined,
        "nodeType": "host",
        "props": Object {},
        "ref": null,
        "rendered": null,
        "type": "hr",
      },
      Object {
        "instance": null,
        "key": undefined,
        "nodeType": "host",
        "props": Object {
          "children": "Average sessions per day: 1 Average hours per day: 5",
        },
        "ref": null,
        "rendered": "Average sessions per day: 1 Average hours per day: 5",
        "type": "div",
      },
    ],
    "type": "div",
  },
  Symbol(enzyme.__nodes__): Array [
    Object {
      "instance": null,
      "key": undefined,
      "nodeType": "host",
      "props": Object {
        "children": Array [
          <div>
            Total sessions: 142 Total hours: 13
</div>,
          <hr />,
          <div>
            Average sessions per day: 1 Average hours per day: 5
</div>,
        ],
      },
      "ref": null,
      "rendered": Array [
        Object {
          "instance": null,
          "key": undefined,
          "nodeType": "host",
          "props": Object {
            "children": "Total sessions: 142 Total hours: 13",
          },
          "ref": null,
          "rendered": "Total sessions: 142 Total hours: 13",
          "type": "div",
        },
        Object {
          "instance": null,
          "key": undefined,
          "nodeType": "host",
          "props": Object {},
          "ref": null,
          "rendered": null,
          "type": "hr",
        },
        Object {
          "instance": null,
          "key": undefined,
          "nodeType": "host",
          "props": Object {
            "children": "Average sessions per day: 1 Average hours per day: 5",
          },
          "ref": null,
          "rendered": "Average sessions per day: 1 Average hours per day: 5",
          "type": "div",
        },
      ],
      "type": "div",
    },
  ],
  Symbol(enzyme.__options__): Object {
    "adapter": ReactSixteenAdapter {
      "options": Object {
        "enableComponentDidUpdateOnSetState": true,
      },
    },
  },
}
`;
